should match snapshot with all overrides:
  1: |
    apiVersion: apps/v1
    kind: DaemonSet
    metadata:
      labels:
        app.kubernetes.io/instance: custom
        app.kubernetes.io/managed-by: Helm
        app.kubernetes.io/name: nvml-mock
        app.kubernetes.io/version: 550.163.01
        helm.sh/chart: nvml-mock-0.1.0
      name: nvml-mock-custom
    spec:
      selector:
        matchLabels:
          app.kubernetes.io/instance: custom
          app.kubernetes.io/name: nvml-mock
      template:
        metadata:
          annotations:
            checksum/config: a9dac7aa968f973518f4685fc2b41ca907c356337f88a38859184767ad1b4aa2
          labels:
            app.kubernetes.io/instance: custom
            app.kubernetes.io/name: nvml-mock
        spec:
          containers:
            - command:
                - /scripts/entrypoint.sh
              env:
                - name: GPU_COUNT
                  value: "2"
                - name: DRIVER_VERSION
                  value: 555.55.55
                - name: NODE_NAME
                  valueFrom:
                    fieldRef:
                      fieldPath: spec.nodeName
                - name: MOCK_NVML_CONFIG
                  value: /etc/nvml-mock/config.yaml
              image: custom-registry/nvml-mock:v2.0.0
              imagePullPolicy: Always
              lifecycle:
                preStop:
                  exec:
                    command:
                      - /scripts/cleanup.sh
              name: nvml-mock
              resources:
                limits:
                  cpu: 500m
                  memory: 256Mi
                requests:
                  cpu: 100m
                  memory: 128Mi
              securityContext:
                privileged: true
              volumeMounts:
                - mountPath: /host/var/lib/nvml-mock
                  name: host-nvml-mock
                - mountPath: /etc/nvml-mock
                  name: gpu-config
                - mountPath: /host/var/run/cdi
                  name: host-cdi
                - mountPath: /host/run/nvidia
                  name: host-run-nvidia
          nodeSelector:
            nvidia.com/gpu.present: "true"
          serviceAccountName: nvml-mock-custom
          tolerations:
            - effect: NoSchedule
              key: nvidia.com/gpu
              operator: Exists
          volumes:
            - hostPath:
                path: /var/lib/nvml-mock
                type: DirectoryOrCreate
              name: host-nvml-mock
            - configMap:
                name: nvml-mock-custom-config
              name: gpu-config
            - hostPath:
                path: /var/run/cdi
                type: DirectoryOrCreate
              name: host-cdi
            - hostPath:
                path: /run/nvidia
                type: DirectoryOrCreate
              name: host-run-nvidia
      updateStrategy:
        rollingUpdate:
          maxUnavailable: 100%
        type: RollingUpdate
should match snapshot with b200 profile:
  1: |
    apiVersion: apps/v1
    kind: DaemonSet
    metadata:
      labels:
        app.kubernetes.io/instance: RELEASE-NAME
        app.kubernetes.io/managed-by: Helm
        app.kubernetes.io/name: nvml-mock
        app.kubernetes.io/version: 550.163.01
        helm.sh/chart: nvml-mock-0.1.0
      name: RELEASE-NAME-nvml-mock
    spec:
      selector:
        matchLabels:
          app.kubernetes.io/instance: RELEASE-NAME
          app.kubernetes.io/name: nvml-mock
      template:
        metadata:
          annotations:
            checksum/config: 28998b50ef728ae5b194d8847eadc34fcc675e27fdf9f0bc2350a86e39473b9c
          labels:
            app.kubernetes.io/instance: RELEASE-NAME
            app.kubernetes.io/name: nvml-mock
        spec:
          containers:
            - command:
                - /scripts/entrypoint.sh
              env:
                - name: GPU_COUNT
                  value: "4"
                - name: DRIVER_VERSION
                  value: 560.35.03
                - name: NODE_NAME
                  valueFrom:
                    fieldRef:
                      fieldPath: spec.nodeName
                - name: MOCK_NVML_CONFIG
                  value: /etc/nvml-mock/config.yaml
              image: ghcr.io/nvidia/nvml-mock:latest
              imagePullPolicy: IfNotPresent
              lifecycle:
                preStop:
                  exec:
                    command:
                      - /scripts/cleanup.sh
              name: nvml-mock
              securityContext:
                privileged: true
              volumeMounts:
                - mountPath: /host/var/lib/nvml-mock
                  name: host-nvml-mock
                - mountPath: /etc/nvml-mock
                  name: gpu-config
                - mountPath: /host/var/run/cdi
                  name: host-cdi
                - mountPath: /host/run/nvidia
                  name: host-run-nvidia
          serviceAccountName: RELEASE-NAME-nvml-mock
          tolerations:
            - operator: Exists
          volumes:
            - hostPath:
                path: /var/lib/nvml-mock
                type: DirectoryOrCreate
              name: host-nvml-mock
            - configMap:
                name: RELEASE-NAME-nvml-mock-config
              name: gpu-config
            - hostPath:
                path: /var/run/cdi
                type: DirectoryOrCreate
              name: host-cdi
            - hostPath:
                path: /run/nvidia
                type: DirectoryOrCreate
              name: host-run-nvidia
      updateStrategy:
        rollingUpdate:
          maxUnavailable: 100%
        type: RollingUpdate
should match snapshot with default values:
  1: |
    apiVersion: apps/v1
    kind: DaemonSet
    metadata:
      labels:
        app.kubernetes.io/instance: RELEASE-NAME
        app.kubernetes.io/managed-by: Helm
        app.kubernetes.io/name: nvml-mock
        app.kubernetes.io/version: 550.163.01
        helm.sh/chart: nvml-mock-0.1.0
      name: RELEASE-NAME-nvml-mock
    spec:
      selector:
        matchLabels:
          app.kubernetes.io/instance: RELEASE-NAME
          app.kubernetes.io/name: nvml-mock
      template:
        metadata:
          annotations:
            checksum/config: 8cc02ebbe7fb41275c40abc60753dc5cf974ef4dae475c8fea3c6c49d156e99d
          labels:
            app.kubernetes.io/instance: RELEASE-NAME
            app.kubernetes.io/name: nvml-mock
        spec:
          containers:
            - command:
                - /scripts/entrypoint.sh
              env:
                - name: GPU_COUNT
                  value: "8"
                - name: DRIVER_VERSION
                  value: 550.163.01
                - name: NODE_NAME
                  valueFrom:
                    fieldRef:
                      fieldPath: spec.nodeName
                - name: MOCK_NVML_CONFIG
                  value: /etc/nvml-mock/config.yaml
              image: ghcr.io/nvidia/nvml-mock:latest
              imagePullPolicy: IfNotPresent
              lifecycle:
                preStop:
                  exec:
                    command:
                      - /scripts/cleanup.sh
              name: nvml-mock
              securityContext:
                privileged: true
              volumeMounts:
                - mountPath: /host/var/lib/nvml-mock
                  name: host-nvml-mock
                - mountPath: /etc/nvml-mock
                  name: gpu-config
                - mountPath: /host/var/run/cdi
                  name: host-cdi
                - mountPath: /host/run/nvidia
                  name: host-run-nvidia
          serviceAccountName: RELEASE-NAME-nvml-mock
          tolerations:
            - operator: Exists
          volumes:
            - hostPath:
                path: /var/lib/nvml-mock
                type: DirectoryOrCreate
              name: host-nvml-mock
            - configMap:
                name: RELEASE-NAME-nvml-mock-config
              name: gpu-config
            - hostPath:
                path: /var/run/cdi
                type: DirectoryOrCreate
              name: host-cdi
            - hostPath:
                path: /run/nvidia
                type: DirectoryOrCreate
              name: host-run-nvidia
      updateStrategy:
        rollingUpdate:
          maxUnavailable: 100%
        type: RollingUpdate
