should match ClusterRole snapshot:
  1: |
    apiVersion: rbac.authorization.k8s.io/v1
    kind: ClusterRole
    metadata:
      labels:
        app.kubernetes.io/instance: RELEASE-NAME
        app.kubernetes.io/managed-by: Helm
        app.kubernetes.io/name: nvml-mock
        app.kubernetes.io/version: 0.2.1
        helm.sh/chart: nvml-mock-0.2.1
      name: RELEASE-NAME-nvml-mock
    rules:
      - apiGroups:
          - ""
        resources:
          - nodes
        verbs:
          - get
          - patch
should match ClusterRoleBinding snapshot:
  1: |
    apiVersion: rbac.authorization.k8s.io/v1
    kind: ClusterRoleBinding
    metadata:
      labels:
        app.kubernetes.io/instance: RELEASE-NAME
        app.kubernetes.io/managed-by: Helm
        app.kubernetes.io/name: nvml-mock
        app.kubernetes.io/version: 0.2.1
        helm.sh/chart: nvml-mock-0.2.1
      name: RELEASE-NAME-nvml-mock
    roleRef:
      apiGroup: rbac.authorization.k8s.io
      kind: ClusterRole
      name: RELEASE-NAME-nvml-mock
    subjects:
      - kind: ServiceAccount
        name: RELEASE-NAME-nvml-mock
        namespace: NAMESPACE
should match ServiceAccount snapshot:
  1: |
    apiVersion: v1
    kind: ServiceAccount
    metadata:
      labels:
        app.kubernetes.io/instance: RELEASE-NAME
        app.kubernetes.io/managed-by: Helm
        app.kubernetes.io/name: nvml-mock
        app.kubernetes.io/version: 0.2.1
        helm.sh/chart: nvml-mock-0.2.1
      name: RELEASE-NAME-nvml-mock
