should match ServiceAccount snapshot:
  1: |
    apiVersion: v1
    kind: ServiceAccount
    metadata:
      labels:
        app.kubernetes.io/instance: RELEASE-NAME
        app.kubernetes.io/managed-by: Helm
        app.kubernetes.io/name: nvml-mock
        app.kubernetes.io/version: 550.163.01
        helm.sh/chart: nvml-mock-0.3.0
      name: RELEASE-NAME-nvml-mock
